00:00 +0: loading C:/Users/Hp/Documents/5th sem/nutrisphere_flutter/test/features/auth/presentation/pages/register_page_test.dart
flutter : test/features/auth/presentation/pages/regis
ter_page_test.dart:10:41: Error: Type 
'StateNotifier' not found.
At line:1 char:58
+ ... _flutter" ; flutter test 
test/features/auth/presentation/pages/regist ...
+                 ~~~~~~~~~~~~~~~~~~~~~~~~~~~~~~~~~~~
~~~~~~~~~~~~~~~~~~~~~~
    + CategoryInfo          : NotSpecified: (test/fe 
   atures/a...ier' not found.:String) [], RemoteExc  
  eption
    + FullyQualifiedErrorId : NativeCommandError
 
class MockAuthViewModelNotifier extends 
StateNotifier<AuthState> {
                                        ^^^^^^^^^^^^^
test/features/auth/presentation/pages/register_page_t
est.dart:12:15: Error: Member not found: 
'AuthState.initial'.
    AuthState.initial().copyWith(status: 
AuthStatus.initial),
              ^^^^^^^
test/features/auth/presentation/pages/register_page_t
est.dart:22:13: Error: The getter 'state' isn't 
defined for the type 'MockAuthViewModelNotifier'.
 - 'MockAuthViewModelNotifier' is from 'test/features
/auth/presentation/pages/register_page_test.dart'.
Try correcting the name to the name of an existing 
getter, or defining a getter or field named 'state'.
    state = state.copyWith(status: 
AuthStatus.loading);
            ^^^^^
test/features/auth/presentation/pages/register_page_t
est.dart:22:5: Error: The setter 'state' isn't 
defined for the type 'MockAuthViewModelNotifier'.
 - 'MockAuthViewModelNotifier' is from 'test/features
/auth/presentation/pages/register_page_test.dart'.
Try correcting the name to the name of an existing 
setter, or defining a setter or field named 'state'.
    state = state.copyWith(status: 
AuthStatus.loading);
    ^^^^^
test/features/auth/presentation/pages/register_page_t
est.dart:35:25: Error: Member not found: 
'AuthState.initial'.
              AuthState.initial().copyWith(status: 
AuthStatus.initial),
                        ^^^^^^^
test/features/auth/presentation/pages/register_page_t
est.dart:34:13: Error: Method not found: 
'StateNotifier'.
            StateNotifier<AuthState>(
            ^^^^^^^^^^^^^
test/features/auth/presentation/pages/register_page_t
est.dart:43:11: Error: No named parameter with the 
name 'parent'.
          parent: mockContainer,
          ^^^^^^
../../../AppData/Local/Pub/Cache/hosted/pub.dev/flutt
er_riverpod-3.1.0/lib/src/core/provider_scope.dart:75
:9: Context: Found this candidate, but the arguments 
don't match.
  const ProviderScope({
        ^^^^^^^^^^^^^
test/features/auth/presentation/pages/register_page_t
est.dart:62:25: Error: Member not found: 
'AuthState.initial'.
              AuthState.initial().copyWith(status: 
AuthStatus.initial),
                        ^^^^^^^
test/features/auth/presentation/pages/register_page_t
est.dart:61:13: Error: Method not found: 
'StateNotifier'.
            StateNotifier<AuthState>(
            ^^^^^^^^^^^^^
test/features/auth/presentation/pages/register_page_t
est.dart:70:11: Error: No named parameter with the 
name 'parent'.
          parent: mockContainer,
          ^^^^^^
../../../AppData/Local/Pub/Cache/hosted/pub.dev/flutt
er_riverpod-3.1.0/lib/src/core/provider_scope.dart:75
:9: Context: Found this candidate, but the arguments 
don't match.
  const ProviderScope({
        ^^^^^^^^^^^^^
test/features/auth/presentation/pages/register_page_t
est.dart:90:25: Error: Member not found: 
'AuthState.initial'.
              AuthState.initial().copyWith(status: 
AuthStatus.initial),
                        ^^^^^^^
test/features/auth/presentation/pages/register_page_t
est.dart:89:13: Error: Method not found: 
'StateNotifier'.
            StateNotifier<AuthState>(
            ^^^^^^^^^^^^^
test/features/auth/presentation/pages/register_page_t
est.dart:98:11: Error: No named parameter with the 
name 'parent'.
          parent: mockContainer,
          ^^^^^^
../../../AppData/Local/Pub/Cache/hosted/pub.dev/flutt
er_riverpod-3.1.0/lib/src/core/provider_scope.dart:75
:9: Context: Found this candidate, but the arguments 
don't match.
  const ProviderScope({
        ^^^^^^^^^^^^^
test/features/auth/presentation/pages/register_page_t
est.dart:124:25: Error: Member not found: 
'AuthState.initial'.
              AuthState.initial().copyWith(status: 
AuthStatus.initial),
                        ^^^^^^^
test/features/auth/presentation/pages/register_page_t
est.dart:123:13: Error: Method not found: 
'StateNotifier'.
            StateNotifier<AuthState>(
            ^^^^^^^^^^^^^
test/features/auth/presentation/pages/register_page_t
est.dart:132:11: Error: No named parameter with the 
name 'parent'.
          parent: mockContainer,
          ^^^^^^
../../../AppData/Local/Pub/Cache/hosted/pub.dev/flutt
er_riverpod-3.1.0/lib/src/core/provider_scope.dart:75
:9: Context: Found this candidate, but the arguments 
don't match.
  const ProviderScope({
        ^^^^^^^^^^^^^
test/features/auth/presentation/pages/register_page_t
est.dart:155:25: Error: Member not found: 
'AuthState.initial'.
              AuthState.initial().copyWith(status: 
AuthStatus.initial),
                        ^^^^^^^
test/features/auth/presentation/pages/register_page_t
est.dart:154:13: Error: Method not found: 
'StateNotifier'.
            StateNotifier<AuthState>(
            ^^^^^^^^^^^^^
test/features/auth/presentation/pages/register_page_t
est.dart:163:11: Error: No named parameter with the 
name 'parent'.
          parent: mockContainer,
          ^^^^^^
../../../AppData/Local/Pub/Cache/hosted/pub.dev/flutt
er_riverpod-3.1.0/lib/src/core/provider_scope.dart:75
:9: Context: Found this candidate, but the arguments 
don't match.
  const ProviderScope({
        ^^^^^^^^^^^^^
test/features/auth/presentation/pages/register_page_t
est.dart:182:25: Error: Member not found: 
'AuthState.initial'.
              AuthState.initial().copyWith(status: 
AuthStatus.initial),
                        ^^^^^^^
test/features/auth/presentation/pages/register_page_t
est.dart:181:13: Error: Method not found: 
'StateNotifier'.
            StateNotifier<AuthState>(
            ^^^^^^^^^^^^^
test/features/auth/presentation/pages/register_page_t
est.dart:190:11: Error: No named parameter with the 
name 'parent'.
          parent: mockContainer,
          ^^^^^^
../../../AppData/Local/Pub/Cache/hosted/pub.dev/flutt
er_riverpod-3.1.0/lib/src/core/provider_scope.dart:75
:9: Context: Found this candidate, but the arguments 
don't match.
  const ProviderScope({
        ^^^^^^^^^^^^^
test/features/auth/presentation/pages/register_page_t
est.dart:209:25: Error: Member not found: 
'AuthState.initial'.
              AuthState.initial().copyWith(status: 
AuthStatus.initial),
                        ^^^^^^^
test/features/auth/presentation/pages/register_page_t
est.dart:208:13: Error: Method not found: 
'StateNotifier'.
            StateNotifier<AuthState>(
            ^^^^^^^^^^^^^
test/features/auth/presentation/pages/register_page_t
est.dart:217:11: Error: No named parameter with the 
name 'parent'.
          parent: mockContainer,
          ^^^^^^
../../../AppData/Local/Pub/Cache/hosted/pub.dev/flutt
er_riverpod-3.1.0/lib/src/core/provider_scope.dart:75
:9: Context: Found this candidate, but the arguments 
don't match.
  const ProviderScope({
        ^^^^^^^^^^^^^
test/features/auth/presentation/pages/register_page_t
est.dart:236:25: Error: Member not found: 
'AuthState.initial'.
              AuthState.initial().copyWith(status: 
AuthStatus.initial),
                        ^^^^^^^
test/features/auth/presentation/pages/register_page_t
est.dart:235:13: Error: Method not found: 
'StateNotifier'.
            StateNotifier<AuthState>(
            ^^^^^^^^^^^^^
test/features/auth/presentation/pages/register_page_t
est.dart:244:11: Error: No named parameter with the 
name 'parent'.
          parent: mockContainer,
          ^^^^^^
../../../AppData/Local/Pub/Cache/hosted/pub.dev/flutt
er_riverpod-3.1.0/lib/src/core/provider_scope.dart:75
:9: Context: Found this candidate, but the arguments 
don't match.
  const ProviderScope({
        ^^^^^^^^^^^^^
test/features/auth/presentation/pages/register_page_t
est.dart:268:25: Error: Member not found: 
'AuthState.initial'.
              AuthState.initial().copyWith(status: 
AuthStatus.initial),
                        ^^^^^^^
test/features/auth/presentation/pages/register_page_t
est.dart:267:13: Error: Method not found: 
'StateNotifier'.
            StateNotifier<AuthState>(
            ^^^^^^^^^^^^^
test/features/auth/presentation/pages/register_page_t
est.dart:276:11: Error: No named parameter with the 
name 'parent'.
          parent: mockContainer,
          ^^^^^^
../../../AppData/Local/Pub/Cache/hosted/pub.dev/flutt
er_riverpod-3.1.0/lib/src/core/provider_scope.dart:75
:9: Context: Found this candidate, but the arguments 
don't match.
  const ProviderScope({
        ^^^^^^^^^^^^^
test/features/auth/presentation/pages/register_page_t
est.dart:295:25: Error: Member not found: 
'AuthState.initial'.
              AuthState.initial().copyWith(status: 
AuthStatus.initial),
                        ^^^^^^^
test/features/auth/presentation/pages/register_page_t
est.dart:294:13: Error: Method not found: 
'StateNotifier'.
            StateNotifier<AuthState>(
            ^^^^^^^^^^^^^
test/features/auth/presentation/pages/register_page_t
est.dart:303:11: Error: No named parameter with the 
name 'parent'.
          parent: mockContainer,
          ^^^^^^
../../../AppData/Local/Pub/Cache/hosted/pub.dev/flutt
er_riverpod-3.1.0/lib/src/core/provider_scope.dart:75
:9: Context: Found this candidate, but the arguments 
don't match.
  const ProviderScope({
        ^^^^^^^^^^^^^
test/features/auth/presentation/pages/register_page_t
est.dart:322:25: Error: Member not found: 
'AuthState.initial'.
              AuthState.initial().copyWith(status: 
AuthStatus.initial),
                        ^^^^^^^
test/features/auth/presentation/pages/register_page_t
est.dart:321:13: Error: Method not found: 
'StateNotifier'.
            StateNotifier<AuthState>(
            ^^^^^^^^^^^^^
test/features/auth/presentation/pages/register_page_t
est.dart:330:11: Error: No named parameter with the 
name 'parent'.
          parent: mockContainer,
          ^^^^^^
../../../AppData/Local/Pub/Cache/hosted/pub.dev/flutt
er_riverpod-3.1.0/lib/src/core/provider_scope.dart:75
:9: Context: Found this candidate, but the arguments 
don't match.
  const ProviderScope({
        ^^^^^^^^^^^^^
test/features/auth/presentation/pages/register_page_t
est.dart:349:25: Error: Member not found: 
'AuthState.initial'.
              AuthState.initial().copyWith(status: 
AuthStatus.initial),
                        ^^^^^^^
test/features/auth/presentation/pages/register_page_t
est.dart:348:13: Error: Method not found: 
'StateNotifier'.
            StateNotifier<AuthState>(
            ^^^^^^^^^^^^^
test/features/auth/presentation/pages/register_page_t
est.dart:357:11: Error: No named parameter with the 
name 'parent'.
          parent: mockContainer,
          ^^^^^^
../../../AppData/Local/Pub/Cache/hosted/pub.dev/flutt
er_riverpod-3.1.0/lib/src/core/provider_scope.dart:75
:9: Context: Found this candidate, but the arguments 
don't match.
  const ProviderScope({
        ^^^^^^^^^^^^^
test/features/auth/presentation/pages/register_page_t
est.dart:376:25: Error: Member not found: 
'AuthState.initial'.
              AuthState.initial().copyWith(status: 
AuthStatus.initial),
                        ^^^^^^^
test/features/auth/presentation/pages/register_page_t
est.dart:375:13: Error: Method not found: 
'StateNotifier'.
            StateNotifier<AuthState>(
            ^^^^^^^^^^^^^
test/features/auth/presentation/pages/register_page_t
est.dart:384:11: Error: No named parameter with the 
name 'parent'.
          parent: mockContainer,
          ^^^^^^
../../../AppData/Local/Pub/Cache/hosted/pub.dev/flutt
er_riverpod-3.1.0/lib/src/core/provider_scope.dart:75
:9: Context: Found this candidate, but the arguments 
don't match.
  const ProviderScope({
        ^^^^^^^^^^^^^
test/features/auth/presentation/pages/register_page_t
est.dart:410:25: Error: Member not found: 
'AuthState.initial'.
              AuthState.initial().copyWith(status: 
AuthStatus.initial),
                        ^^^^^^^
test/features/auth/presentation/pages/register_page_t
est.dart:409:13: Error: Method not found: 
'StateNotifier'.
            StateNotifier<AuthState>(
            ^^^^^^^^^^^^^
test/features/auth/presentation/pages/register_page_t
est.dart:418:11: Error: No named parameter with the 
name 'parent'.
          parent: mockContainer,
          ^^^^^^
../../../AppData/Local/Pub/Cache/hosted/pub.dev/flutt
er_riverpod-3.1.0/lib/src/core/provider_scope.dart:75
:9: Context: Found this candidate, but the arguments 
don't match.
  const ProviderScope({
        ^^^^^^^^^^^^^
test/features/auth/presentation/pages/register_page_t
est.dart:438:25: Error: Member not found: 
'AuthState.initial'.
              AuthState.initial().copyWith(status: 
AuthStatus.initial),
                        ^^^^^^^
test/features/auth/presentation/pages/register_page_t
est.dart:437:13: Error: Method not found: 
'StateNotifier'.
            StateNotifier<AuthState>(
            ^^^^^^^^^^^^^
test/features/auth/presentation/pages/register_page_t
est.dart:446:11: Error: No named parameter with the 
name 'parent'.
          parent: mockContainer,
          ^^^^^^
../../../AppData/Local/Pub/Cache/hosted/pub.dev/flutt
er_riverpod-3.1.0/lib/src/core/provider_scope.dart:75
:9: Context: Found this candidate, but the arguments 
don't match.
  const ProviderScope({
        ^^^^^^^^^^^^^
test/features/auth/presentation/pages/register_page_t
est.dart:465:25: Error: Member not found: 
'AuthState.initial'.
              AuthState.initial().copyWith(status: 
AuthStatus.initial),
                        ^^^^^^^
test/features/auth/presentation/pages/register_page_t
est.dart:464:13: Error: Method not found: 
'StateNotifier'.
            StateNotifier<AuthState>(
            ^^^^^^^^^^^^^
test/features/auth/presentation/pages/register_page_t
est.dart:473:11: Error: No named parameter with the 
name 'parent'.
          parent: mockContainer,
          ^^^^^^
../../../AppData/Local/Pub/Cache/hosted/pub.dev/flutt
er_riverpod-3.1.0/lib/src/core/provider_scope.dart:75
:9: Context: Found this candidate, but the arguments 
don't match.
  const ProviderScope({
        ^^^^^^^^^^^^^
test/features/auth/presentation/pages/register_page_t
est.dart:492:25: Error: Member not found: 
'AuthState.initial'.
              AuthState.initial().copyWith(status: 
AuthStatus.initial),
                        ^^^^^^^
test/features/auth/presentation/pages/register_page_t
est.dart:491:13: Error: Method not found: 
'StateNotifier'.
            StateNotifier<AuthState>(
            ^^^^^^^^^^^^^
test/features/auth/presentation/pages/register_page_t
est.dart:500:11: Error: No named parameter with the 
name 'parent'.
          parent: mockContainer,
          ^^^^^^
../../../AppData/Local/Pub/Cache/hosted/pub.dev/flutt
er_riverpod-3.1.0/lib/src/core/provider_scope.dart:75
:9: Context: Found this candidate, but the arguments 
don't match.
  const ProviderScope({
        ^^^^^^^^^^^^^
test/features/auth/presentation/pages/register_page_t
est.dart:523:25: Error: Member not found: 
'AuthState.initial'.
              AuthState.initial().copyWith(status: 
AuthStatus.initial),
                        ^^^^^^^
test/features/auth/presentation/pages/register_page_t
est.dart:522:13: Error: Method not found: 
'StateNotifier'.
            StateNotifier<AuthState>(
            ^^^^^^^^^^^^^
test/features/auth/presentation/pages/register_page_t
est.dart:531:11: Error: No named parameter with the 
name 'parent'.
          parent: mockContainer,
          ^^^^^^
../../../AppData/Local/Pub/Cache/hosted/pub.dev/flutt
er_riverpod-3.1.0/lib/src/core/provider_scope.dart:75
:9: Context: Found this candidate, but the arguments 
don't match.
  const ProviderScope({
        ^^^^^^^^^^^^^
test/features/auth/presentation/pages/register_page_t
est.dart:33:33: Error: The method 
'overrideWithValue' isn't defined for the type 
'NotifierProvider<AuthViewModel, AuthState>'.
 - 'NotifierProvider' is from 
'package:riverpod/src/providers/notifier.dart' ('../.
./../AppData/Local/Pub/Cache/hosted/pub.dev/riverpod-
3.1.0/lib/src/providers/notifier.dart').
 - 'AuthViewModel' is from 'package:nutrisphere_flutt
er/features/auth/presentation/view_model/auth_view_mo
del.dart' ('lib/features/auth/presentation/view_model
/auth_view_model.dart').
 - 'AuthState' is from 'package:nutrisphere_flutter/f
eatures/auth/presentation/state/auth_state.dart' ('li
b/features/auth/presentation/state/auth_state.dart').
Try correcting the name to the name of an existing 
method, or defining a method named 
'overrideWithValue'.
          authViewModelProvider.overrideWithValue(
                                ^^^^^^^^^^^^^^^^^
test/features/auth/presentation/pages/register_page_t
est.dart:60:33: Error: The method 
'overrideWithValue' isn't defined for the type 
'NotifierProvider<AuthViewModel, AuthState>'.
 - 'NotifierProvider' is from 
'package:riverpod/src/providers/notifier.dart' ('../.
./../AppData/Local/Pub/Cache/hosted/pub.dev/riverpod-
3.1.0/lib/src/providers/notifier.dart').
 - 'AuthViewModel' is from 'package:nutrisphere_flutt
er/features/auth/presentation/view_model/auth_view_mo
del.dart' ('lib/features/auth/presentation/view_model
/auth_view_model.dart').
 - 'AuthState' is from 'package:nutrisphere_flutter/f
eatures/auth/presentation/state/auth_state.dart' ('li
b/features/auth/presentation/state/auth_state.dart').
Try correcting the name to the name of an existing 
method, or defining a method named 
'overrideWithValue'.
          authViewModelProvider.overrideWithValue(
                                ^^^^^^^^^^^^^^^^^
test/features/auth/presentation/pages/register_page_t
est.dart:88:33: Error: The method 
'overrideWithValue' isn't defined for the type 
'NotifierProvider<AuthViewModel, AuthState>'.
 - 'NotifierProvider' is from 
'package:riverpod/src/providers/notifier.dart' ('../.
./../AppData/Local/Pub/Cache/hosted/pub.dev/riverpod-
3.1.0/lib/src/providers/notifier.dart').
 - 'AuthViewModel' is from 'package:nutrisphere_flutt
er/features/auth/presentation/view_model/auth_view_mo
del.dart' ('lib/features/auth/presentation/view_model
/auth_view_model.dart').
 - 'AuthState' is from 'package:nutrisphere_flutter/f
eatures/auth/presentation/state/auth_state.dart' ('li
b/features/auth/presentation/state/auth_state.dart').
Try correcting the name to the name of an existing 
method, or defining a method named 
'overrideWithValue'.
          authViewModelProvider.overrideWithValue(
                                ^^^^^^^^^^^^^^^^^
test/features/auth/presentation/pages/register_page_t
est.dart:122:33: Error: The method 
'overrideWithValue' isn't defined for the type 
'NotifierProvider<AuthViewModel, AuthState>'.
 - 'NotifierProvider' is from 
'package:riverpod/src/providers/notifier.dart' ('../.
./../AppData/Local/Pub/Cache/hosted/pub.dev/riverpod-
3.1.0/lib/src/providers/notifier.dart').
 - 'AuthViewModel' is from 'package:nutrisphere_flutt
er/features/auth/presentation/view_model/auth_view_mo
del.dart' ('lib/features/auth/presentation/view_model
/auth_view_model.dart').
 - 'AuthState' is from 'package:nutrisphere_flutter/f
eatures/auth/presentation/state/auth_state.dart' ('li
b/features/auth/presentation/state/auth_state.dart').
Try correcting the name to the name of an existing 
method, or defining a method named 
'overrideWithValue'.
          authViewModelProvider.overrideWithValue(
                                ^^^^^^^^^^^^^^^^^
test/features/auth/presentation/pages/register_page_t
est.dart:153:33: Error: The method 
'overrideWithValue' isn't defined for the type 
'NotifierProvider<AuthViewModel, AuthState>'.
 - 'NotifierProvider' is from 
'package:riverpod/src/providers/notifier.dart' ('../.
./../AppData/Local/Pub/Cache/hosted/pub.dev/riverpod-
3.1.0/lib/src/providers/notifier.dart').
 - 'AuthViewModel' is from 'package:nutrisphere_flutt
er/features/auth/presentation/view_model/auth_view_mo
del.dart' ('lib/features/auth/presentation/view_model
/auth_view_model.dart').
 - 'AuthState' is from 'package:nutrisphere_flutter/f
eatures/auth/presentation/state/auth_state.dart' ('li
b/features/auth/presentation/state/auth_state.dart').
Try correcting the name to the name of an existing 
method, or defining a method named 
'overrideWithValue'.
          authViewModelProvider.overrideWithValue(
                                ^^^^^^^^^^^^^^^^^
test/features/auth/presentation/pages/register_page_t
est.dart:180:33: Error: The method 
'overrideWithValue' isn't defined for the type 
'NotifierProvider<AuthViewModel, AuthState>'.
 - 'NotifierProvider' is from 
'package:riverpod/src/providers/notifier.dart' ('../.
./../AppData/Local/Pub/Cache/hosted/pub.dev/riverpod-
3.1.0/lib/src/providers/notifier.dart').
 - 'AuthViewModel' is from 'package:nutrisphere_flutt
er/features/auth/presentation/view_model/auth_view_mo
del.dart' ('lib/features/auth/presentation/view_model
/auth_view_model.dart').
 - 'AuthState' is from 'package:nutrisphere_flutter/f
eatures/auth/presentation/state/auth_state.dart' ('li
b/features/auth/presentation/state/auth_state.dart').
Try correcting the name to the name of an existing 
method, or defining a method named 
'overrideWithValue'.
          authViewModelProvider.overrideWithValue(
                                ^^^^^^^^^^^^^^^^^
test/features/auth/presentation/pages/register_page_t
est.dart:207:33: Error: The method 
'overrideWithValue' isn't defined for the type 
'NotifierProvider<AuthViewModel, AuthState>'.
 - 'NotifierProvider' is from 
'package:riverpod/src/providers/notifier.dart' ('../.
./../AppData/Local/Pub/Cache/hosted/pub.dev/riverpod-
3.1.0/lib/src/providers/notifier.dart').
 - 'AuthViewModel' is from 'package:nutrisphere_flutt
er/features/auth/presentation/view_model/auth_view_mo
del.dart' ('lib/features/auth/presentation/view_model
/auth_view_model.dart').
 - 'AuthState' is from 'package:nutrisphere_flutter/f
eatures/auth/presentation/state/auth_state.dart' ('li
b/features/auth/presentation/state/auth_state.dart').
Try correcting the name to the name of an existing 
method, or defining a method named 
'overrideWithValue'.
          authViewModelProvider.overrideWithValue(
                                ^^^^^^^^^^^^^^^^^
test/features/auth/presentation/pages/register_page_t
est.dart:234:33: Error: The method 
'overrideWithValue' isn't defined for the type 
'NotifierProvider<AuthViewModel, AuthState>'.
 - 'NotifierProvider' is from 
'package:riverpod/src/providers/notifier.dart' ('../.
./../AppData/Local/Pub/Cache/hosted/pub.dev/riverpod-
3.1.0/lib/src/providers/notifier.dart').
 - 'AuthViewModel' is from 'package:nutrisphere_flutt
er/features/auth/presentation/view_model/auth_view_mo
del.dart' ('lib/features/auth/presentation/view_model
/auth_view_model.dart').
 - 'AuthState' is from 'package:nutrisphere_flutter/f
eatures/auth/presentation/state/auth_state.dart' ('li
b/features/auth/presentation/state/auth_state.dart').
Try correcting the name to the name of an existing 
method, or defining a method named 
'overrideWithValue'.
          authViewModelProvider.overrideWithValue(
                                ^^^^^^^^^^^^^^^^^
test/features/auth/presentation/pages/register_page_t
est.dart:266:33: Error: The method 
'overrideWithValue' isn't defined for the type 
'NotifierProvider<AuthViewModel, AuthState>'.
 - 'NotifierProvider' is from 
'package:riverpod/src/providers/notifier.dart' ('../.
./../AppData/Local/Pub/Cache/hosted/pub.dev/riverpod-
3.1.0/lib/src/providers/notifier.dart').
 - 'AuthViewModel' is from 'package:nutrisphere_flutt
er/features/auth/presentation/view_model/auth_view_mo
del.dart' ('lib/features/auth/presentation/view_model
/auth_view_model.dart').
 - 'AuthState' is from 'package:nutrisphere_flutter/f
eatures/auth/presentation/state/auth_state.dart' ('li
b/features/auth/presentation/state/auth_state.dart').
Try correcting the name to the name of an existing 
method, or defining a method named 
'overrideWithValue'.
          authViewModelProvider.overrideWithValue(
                                ^^^^^^^^^^^^^^^^^
test/features/auth/presentation/pages/register_page_t
est.dart:293:33: Error: The method 
'overrideWithValue' isn't defined for the type 
'NotifierProvider<AuthViewModel, AuthState>'.
 - 'NotifierProvider' is from 
'package:riverpod/src/providers/notifier.dart' ('../.
./../AppData/Local/Pub/Cache/hosted/pub.dev/riverpod-
3.1.0/lib/src/providers/notifier.dart').
 - 'AuthViewModel' is from 'package:nutrisphere_flutt
er/features/auth/presentation/view_model/auth_view_mo
del.dart' ('lib/features/auth/presentation/view_model
/auth_view_model.dart').
 - 'AuthState' is from 'package:nutrisphere_flutter/f
eatures/auth/presentation/state/auth_state.dart' ('li
b/features/auth/presentation/state/auth_state.dart').
Try correcting the name to the name of an existing 
method, or defining a method named 
'overrideWithValue'.
          authViewModelProvider.overrideWithValue(
                                ^^^^^^^^^^^^^^^^^
test/features/auth/presentation/pages/register_page_t
est.dart:320:33: Error: The method 
'overrideWithValue' isn't defined for the type 
'NotifierProvider<AuthViewModel, AuthState>'.
 - 'NotifierProvider' is from 
'package:riverpod/src/providers/notifier.dart' ('../.
./../AppData/Local/Pub/Cache/hosted/pub.dev/riverpod-
3.1.0/lib/src/providers/notifier.dart').
 - 'AuthViewModel' is from 'package:nutrisphere_flutt
er/features/auth/presentation/view_model/auth_view_mo
del.dart' ('lib/features/auth/presentation/view_model
/auth_view_model.dart').
 - 'AuthState' is from 'package:nutrisphere_flutter/f
eatures/auth/presentation/state/auth_state.dart' ('li
b/features/auth/presentation/state/auth_state.dart').
Try correcting the name to the name of an existing 
method, or defining a method named 
'overrideWithValue'.
          authViewModelProvider.overrideWithValue(
                                ^^^^^^^^^^^^^^^^^
test/features/auth/presentation/pages/register_page_t
est.dart:347:33: Error: The method 
'overrideWithValue' isn't defined for the type 
'NotifierProvider<AuthViewModel, AuthState>'.
 - 'NotifierProvider' is from 
'package:riverpod/src/providers/notifier.dart' ('../.
./../AppData/Local/Pub/Cache/hosted/pub.dev/riverpod-
3.1.0/lib/src/providers/notifier.dart').
 - 'AuthViewModel' is from 'package:nutrisphere_flutt
er/features/auth/presentation/view_model/auth_view_mo
del.dart' ('lib/features/auth/presentation/view_model
/auth_view_model.dart').
 - 'AuthState' is from 'package:nutrisphere_flutter/f
eatures/auth/presentation/state/auth_state.dart' ('li
b/features/auth/presentation/state/auth_state.dart').
Try correcting the name to the name of an existing 
method, or defining a method named 
'overrideWithValue'.
          authViewModelProvider.overrideWithValue(
                                ^^^^^^^^^^^^^^^^^
test/features/auth/presentation/pages/register_page_t
est.dart:374:33: Error: The method 
'overrideWithValue' isn't defined for the type 
'NotifierProvider<AuthViewModel, AuthState>'.
 - 'NotifierProvider' is from 
'package:riverpod/src/providers/notifier.dart' ('../.
./../AppData/Local/Pub/Cache/hosted/pub.dev/riverpod-
3.1.0/lib/src/providers/notifier.dart').
 - 'AuthViewModel' is from 'package:nutrisphere_flutt
er/features/auth/presentation/view_model/auth_view_mo
del.dart' ('lib/features/auth/presentation/view_model
/auth_view_model.dart').
 - 'AuthState' is from 'package:nutrisphere_flutter/f
eatures/auth/presentation/state/auth_state.dart' ('li
b/features/auth/presentation/state/auth_state.dart').
Try correcting the name to the name of an existing 
method, or defining a method named 
'overrideWithValue'.
          authViewModelProvider.overrideWithValue(
                                ^^^^^^^^^^^^^^^^^
test/features/auth/presentation/pages/register_page_t
est.dart:408:33: Error: The method 
'overrideWithValue' isn't defined for the type 
'NotifierProvider<AuthViewModel, AuthState>'.
 - 'NotifierProvider' is from 
'package:riverpod/src/providers/notifier.dart' ('../.
./../AppData/Local/Pub/Cache/hosted/pub.dev/riverpod-
3.1.0/lib/src/providers/notifier.dart').
 - 'AuthViewModel' is from 'package:nutrisphere_flutt
er/features/auth/presentation/view_model/auth_view_mo
del.dart' ('lib/features/auth/presentation/view_model
/auth_view_model.dart').
 - 'AuthState' is from 'package:nutrisphere_flutter/f
eatures/auth/presentation/state/auth_state.dart' ('li
b/features/auth/presentation/state/auth_state.dart').
Try correcting the name to the name of an existing 
method, or defining a method named 
'overrideWithValue'.
          authViewModelProvider.overrideWithValue(
                                ^^^^^^^^^^^^^^^^^
test/features/auth/presentation/pages/register_page_t
est.dart:436:33: Error: The method 
'overrideWithValue' isn't defined for the type 
'NotifierProvider<AuthViewModel, AuthState>'.
 - 'NotifierProvider' is from 
'package:riverpod/src/providers/notifier.dart' ('../.
./../AppData/Local/Pub/Cache/hosted/pub.dev/riverpod-
3.1.0/lib/src/providers/notifier.dart').
 - 'AuthViewModel' is from 'package:nutrisphere_flutt
er/features/auth/presentation/view_model/auth_view_mo
del.dart' ('lib/features/auth/presentation/view_model
/auth_view_model.dart').
 - 'AuthState' is from 'package:nutrisphere_flutter/f
eatures/auth/presentation/state/auth_state.dart' ('li
b/features/auth/presentation/state/auth_state.dart').
Try correcting the name to the name of an existing 
method, or defining a method named 
'overrideWithValue'.
          authViewModelProvider.overrideWithValue(
                                ^^^^^^^^^^^^^^^^^
test/features/auth/presentation/pages/register_page_t
est.dart:463:33: Error: The method 
'overrideWithValue' isn't defined for the type 
'NotifierProvider<AuthViewModel, AuthState>'.
 - 'NotifierProvider' is from 
'package:riverpod/src/providers/notifier.dart' ('../.
./../AppData/Local/Pub/Cache/hosted/pub.dev/riverpod-
3.1.0/lib/src/providers/notifier.dart').
 - 'AuthViewModel' is from 'package:nutrisphere_flutt
er/features/auth/presentation/view_model/auth_view_mo
del.dart' ('lib/features/auth/presentation/view_model
/auth_view_model.dart').
 - 'AuthState' is from 'package:nutrisphere_flutter/f
eatures/auth/presentation/state/auth_state.dart' ('li
b/features/auth/presentation/state/auth_state.dart').
Try correcting the name to the name of an existing 
method, or defining a method named 
'overrideWithValue'.
          authViewModelProvider.overrideWithValue(
                                ^^^^^^^^^^^^^^^^^
test/features/auth/presentation/pages/register_page_t
est.dart:490:33: Error: The method 
'overrideWithValue' isn't defined for the type 
'NotifierProvider<AuthViewModel, AuthState>'.
 - 'NotifierProvider' is from 
'package:riverpod/src/providers/notifier.dart' ('../.
./../AppData/Local/Pub/Cache/hosted/pub.dev/riverpod-
3.1.0/lib/src/providers/notifier.dart').
 - 'AuthViewModel' is from 'package:nutrisphere_flutt
er/features/auth/presentation/view_model/auth_view_mo
del.dart' ('lib/features/auth/presentation/view_model
/auth_view_model.dart').
 - 'AuthState' is from 'package:nutrisphere_flutter/f
eatures/auth/presentation/state/auth_state.dart' ('li
b/features/auth/presentation/state/auth_state.dart').
Try correcting the name to the name of an existing 
method, or defining a method named 
'overrideWithValue'.
          authViewModelProvider.overrideWithValue(
                                ^^^^^^^^^^^^^^^^^
test/features/auth/presentation/pages/register_page_t
est.dart:521:33: Error: The method 
'overrideWithValue' isn't defined for the type 
'NotifierProvider<AuthViewModel, AuthState>'.
 - 'NotifierProvider' is from 
'package:riverpod/src/providers/notifier.dart' ('../.
./../AppData/Local/Pub/Cache/hosted/pub.dev/riverpod-
3.1.0/lib/src/providers/notifier.dart').
 - 'AuthViewModel' is from 'package:nutrisphere_flutt
er/features/auth/presentation/view_model/auth_view_mo
del.dart' ('lib/features/auth/presentation/view_model
/auth_view_model.dart').
 - 'AuthState' is from 'package:nutrisphere_flutter/f
eatures/auth/presentation/state/auth_state.dart' ('li
b/features/auth/presentation/state/auth_state.dart').
Try correcting the name to the name of an existing 
method, or defining a method named 
'overrideWithValue'.
          authViewModelProvider.overrideWithValue(
                                ^^^^^^^^^^^^^^^^^
00:00 +0 -1: loading C:/Users/Hp/Documents/5th sem/nutrisphere_flutter/test/features/auth/presentation/pages/register_page_test.dart [E]
  Failed to load "C:/Users/Hp/Documents/5th sem/nutrisphere_flutter/test/features/auth/presentation/pages/register_page_test.dart":
  Compilation failed for testPath=C:/Users/Hp/Documents/5th sem/nutrisphere_flutter/test/features/auth/presentation/pages/register_page_test.dart: test/features/auth/presentation/pages/register_page_test.dart:10:41: Error: Type 'StateNotifier' not found.
  class MockAuthViewModelNotifier extends StateNotifier<AuthState> {
                                          ^^^^^^^^^^^^^
  test/features/auth/presentation/pages/register_page_test.dart:12:15: Error: Member not found: 'AuthState.initial'.
      AuthState.initial().copyWith(status: AuthStatus.initial),
                ^^^^^^^
  test/features/auth/presentation/pages/register_page_test.dart:22:13: Error: The getter 'state' isn't defined for the type 'MockAuthViewModelNotifier'.
   - 'MockAuthViewModelNotifier' is from 'test/features/auth/presentation/pages/register_page_test.dart'.
  Try correcting the name to the name of an existing getter, or defining a getter or field named 'state'.
      state = state.copyWith(status: AuthStatus.loading);
              ^^^^^
  test/features/auth/presentation/pages/register_page_test.dart:22:5: Error: The setter 'state' isn't defined for the type 'MockAuthViewModelNotifier'.
   - 'MockAuthViewModelNotifier' is from 'test/features/auth/presentation/pages/register_page_test.dart'.
  Try correcting the name to the name of an existing setter, or defining a setter or field named 'state'.
      state = state.copyWith(status: AuthStatus.loading);
      ^^^^^
  test/features/auth/presentation/pages/register_page_test.dart:35:25: Error: Member not found: 'AuthState.initial'.
                AuthState.initial().copyWith(status: AuthStatus.initial),
                          ^^^^^^^
  test/features/auth/presentation/pages/register_page_test.dart:34:13: Error: Method not found: 'StateNotifier'.
              StateNotifier<AuthState>(
              ^^^^^^^^^^^^^
  test/features/auth/presentation/pages/register_page_test.dart:43:11: Error: No named parameter with the name 'parent'.
            parent: mockContainer,
            ^^^^^^
  ../../../AppData/Local/Pub/Cache/hosted/pub.dev/flutter_riverpod-3.1.0/lib/src/core/provider_scope.dart:75:9: Context: Found this candidate, but the arguments don't match.
    const ProviderScope({
          ^^^^^^^^^^^^^
  test/features/auth/presentation/pages/register_page_test.dart:62:25: Error: Member not found: 'AuthState.initial'.
                AuthState.initial().copyWith(status: AuthStatus.initial),
                          ^^^^^^^
  test/features/auth/presentation/pages/register_page_test.dart:61:13: Error: Method not found: 'StateNotifier'.
              StateNotifier<AuthState>(
              ^^^^^^^^^^^^^
  test/features/auth/presentation/pages/register_page_test.dart:70:11: Error: No named parameter with the name 'parent'.
            parent: mockContainer,
            ^^^^^^
  ../../../AppData/Local/Pub/Cache/hosted/pub.dev/flutter_riverpod-3.1.0/lib/src/core/provider_scope.dart:75:9: Context: Found this candidate, but the arguments don't match.
    const ProviderScope({
          ^^^^^^^^^^^^^
  test/features/auth/presentation/pages/register_page_test.dart:90:25: Error: Member not found: 'AuthState.initial'.
                AuthState.initial().copyWith(status: AuthStatus.initial),
                          ^^^^^^^
  test/features/auth/presentation/pages/register_page_test.dart:89:13: Error: Method not found: 'StateNotifier'.
              StateNotifier<AuthState>(
              ^^^^^^^^^^^^^
  test/features/auth/presentation/pages/register_page_test.dart:98:11: Error: No named parameter with the name 'parent'.
            parent: mockContainer,
            ^^^^^^
  ../../../AppData/Local/Pub/Cache/hosted/pub.dev/flutter_riverpod-3.1.0/lib/src/core/provider_scope.dart:75:9: Context: Found this candidate, but the arguments don't match.
    const ProviderScope({
          ^^^^^^^^^^^^^
  test/features/auth/presentation/pages/register_page_test.dart:124:25: Error: Member not found: 'AuthState.initial'.
                AuthState.initial().copyWith(status: AuthStatus.initial),
                          ^^^^^^^
  test/features/auth/presentation/pages/register_page_test.dart:123:13: Error: Method not found: 'StateNotifier'.
              StateNotifier<AuthState>(
              ^^^^^^^^^^^^^
  test/features/auth/presentation/pages/register_page_test.dart:132:11: Error: No named parameter with the name 'parent'.
            parent: mockContainer,
            ^^^^^^
  ../../../AppData/Local/Pub/Cache/hosted/pub.dev/flutter_riverpod-3.1.0/lib/src/core/provider_scope.dart:75:9: Context: Found this candidate, but the arguments don't match.
    const ProviderScope({
          ^^^^^^^^^^^^^
  test/features/auth/presentation/pages/register_page_test.dart:155:25: Error: Member not found: 'AuthState.initial'.
                AuthState.initial().copyWith(status: AuthStatus.initial),
                          ^^^^^^^
  test/features/auth/presentation/pages/register_page_test.dart:154:13: Error: Method not found: 'StateNotifier'.
              StateNotifier<AuthState>(
              ^^^^^^^^^^^^^
  test/features/auth/presentation/pages/register_page_test.dart:163:11: Error: No named parameter with the name 'parent'.
            parent: mockContainer,
            ^^^^^^
  ../../../AppData/Local/Pub/Cache/hosted/pub.dev/flutter_riverpod-3.1.0/lib/src/core/provider_scope.dart:75:9: Context: Found this candidate, but the arguments don't match.
    const ProviderScope({
          ^^^^^^^^^^^^^
  test/features/auth/presentation/pages/register_page_test.dart:182:25: Error: Member not found: 'AuthState.initial'.
                AuthState.initial().copyWith(status: AuthStatus.initial),
                          ^^^^^^^
  test/features/auth/presentation/pages/register_page_test.dart:181:13: Error: Method not found: 'StateNotifier'.
              StateNotifier<AuthState>(
              ^^^^^^^^^^^^^
  test/features/auth/presentation/pages/register_page_test.dart:190:11: Error: No named parameter with the name 'parent'.
            parent: mockContainer,
            ^^^^^^
  ../../../AppData/Local/Pub/Cache/hosted/pub.dev/flutter_riverpod-3.1.0/lib/src/core/provider_scope.dart:75:9: Context: Found this candidate, but the arguments don't match.
    const ProviderScope({
          ^^^^^^^^^^^^^
  test/features/auth/presentation/pages/register_page_test.dart:209:25: Error: Member not found: 'AuthState.initial'.
                AuthState.initial().copyWith(status: AuthStatus.initial),
                          ^^^^^^^
  test/features/auth/presentation/pages/register_page_test.dart:208:13: Error: Method not found: 'StateNotifier'.
              StateNotifier<AuthState>(
              ^^^^^^^^^^^^^
  test/features/auth/presentation/pages/register_page_test.dart:217:11: Error: No named parameter with the name 'parent'.
            parent: mockContainer,
            ^^^^^^
  ../../../AppData/Local/Pub/Cache/hosted/pub.dev/flutter_riverpod-3.1.0/lib/src/core/provider_scope.dart:75:9: Context: Found this candidate, but the arguments don't match.
    const ProviderScope({
          ^^^^^^^^^^^^^
  test/features/auth/presentation/pages/register_page_test.dart:236:25: Error: Member not found: 'AuthState.initial'.
                AuthState.initial().copyWith(status: AuthStatus.initial),
                          ^^^^^^^
  test/features/auth/presentation/pages/register_page_test.dart:235:13: Error: Method not found: 'StateNotifier'.
              StateNotifier<AuthState>(
              ^^^^^^^^^^^^^
  test/features/auth/presentation/pages/register_page_test.dart:244:11: Error: No named parameter with the name 'parent'.
            parent: mockContainer,
            ^^^^^^
  ../../../AppData/Local/Pub/Cache/hosted/pub.dev/flutter_riverpod-3.1.0/lib/src/core/provider_scope.dart:75:9: Context: Found this candidate, but the arguments don't match.
    const ProviderScope({
          ^^^^^^^^^^^^^
  test/features/auth/presentation/pages/register_page_test.dart:268:25: Error: Member not found: 'AuthState.initial'.
                AuthState.initial().copyWith(status: AuthStatus.initial),
                          ^^^^^^^
  test/features/auth/presentation/pages/register_page_test.dart:267:13: Error: Method not found: 'StateNotifier'.
              StateNotifier<AuthState>(
              ^^^^^^^^^^^^^
  test/features/auth/presentation/pages/register_page_test.dart:276:11: Error: No named parameter with the name 'parent'.
            parent: mockContainer,
            ^^^^^^
  ../../../AppData/Local/Pub/Cache/hosted/pub.dev/flutter_riverpod-3.1.0/lib/src/core/provider_scope.dart:75:9: Context: Found this candidate, but the arguments don't match.
    const ProviderScope({
          ^^^^^^^^^^^^^
  test/features/auth/presentation/pages/register_page_test.dart:295:25: Error: Member not found: 'AuthState.initial'.
                AuthState.initial().copyWith(status: AuthStatus.initial),
                          ^^^^^^^
  test/features/auth/presentation/pages/register_page_test.dart:294:13: Error: Method not found: 'StateNotifier'.
              StateNotifier<AuthState>(
              ^^^^^^^^^^^^^
  test/features/auth/presentation/pages/register_page_test.dart:303:11: Error: No named parameter with the name 'parent'.
            parent: mockContainer,
            ^^^^^^
  ../../../AppData/Local/Pub/Cache/hosted/pub.dev/flutter_riverpod-3.1.0/lib/src/core/provider_scope.dart:75:9: Context: Found this candidate, but the arguments don't match.
    const ProviderScope({
          ^^^^^^^^^^^^^
  test/features/auth/presentation/pages/register_page_test.dart:322:25: Error: Member not found: 'AuthState.initial'.
                AuthState.initial().copyWith(status: AuthStatus.initial),
                          ^^^^^^^
  test/features/auth/presentation/pages/register_page_test.dart:321:13: Error: Method not found: 'StateNotifier'.
              StateNotifier<AuthState>(
              ^^^^^^^^^^^^^
  test/features/auth/presentation/pages/register_page_test.dart:330:11: Error: No named parameter with the name 'parent'.
            parent: mockContainer,
            ^^^^^^
  ../../../AppData/Local/Pub/Cache/hosted/pub.dev/flutter_riverpod-3.1.0/lib/src/core/provider_scope.dart:75:9: Context: Found this candidate, but the arguments don't match.
    const ProviderScope({
          ^^^^^^^^^^^^^
  test/features/auth/presentation/pages/register_page_test.dart:349:25: Error: Member not found: 'AuthState.initial'.
                AuthState.initial().copyWith(status: AuthStatus.initial),
                          ^^^^^^^
  test/features/auth/presentation/pages/register_page_test.dart:348:13: Error: Method not found: 'StateNotifier'.
              StateNotifier<AuthState>(
              ^^^^^^^^^^^^^
  test/features/auth/presentation/pages/register_page_test.dart:357:11: Error: No named parameter with the name 'parent'.
            parent: mockContainer,
            ^^^^^^
  ../../../AppData/Local/Pub/Cache/hosted/pub.dev/flutter_riverpod-3.1.0/lib/src/core/provider_scope.dart:75:9: Context: Found this candidate, but the arguments don't match.
    const ProviderScope({
          ^^^^^^^^^^^^^
  test/features/auth/presentation/pages/register_page_test.dart:376:25: Error: Member not found: 'AuthState.initial'.
                AuthState.initial().copyWith(status: AuthStatus.initial),
                          ^^^^^^^
  test/features/auth/presentation/pages/register_page_test.dart:375:13: Error: Method not found: 'StateNotifier'.
              StateNotifier<AuthState>(
              ^^^^^^^^^^^^^
  test/features/auth/presentation/pages/register_page_test.dart:384:11: Error: No named parameter with the name 'parent'.
            parent: mockContainer,
            ^^^^^^
  ../../../AppData/Local/Pub/Cache/hosted/pub.dev/flutter_riverpod-3.1.0/lib/src/core/provider_scope.dart:75:9: Context: Found this candidate, but the arguments don't match.
    const ProviderScope({
          ^^^^^^^^^^^^^
  test/features/auth/presentation/pages/register_page_test.dart:410:25: Error: Member not found: 'AuthState.initial'.
                AuthState.initial().copyWith(status: AuthStatus.initial),
                          ^^^^^^^
  test/features/auth/presentation/pages/register_page_test.dart:409:13: Error: Method not found: 'StateNotifier'.
              StateNotifier<AuthState>(
              ^^^^^^^^^^^^^
  test/features/auth/presentation/pages/register_page_test.dart:418:11: Error: No named parameter with the name 'parent'.
            parent: mockContainer,
            ^^^^^^
  ../../../AppData/Local/Pub/Cache/hosted/pub.dev/flutter_riverpod-3.1.0/lib/src/core/provider_scope.dart:75:9: Context: Found this candidate, but the arguments don't match.
    const ProviderScope({
          ^^^^^^^^^^^^^
  test/features/auth/presentation/pages/register_page_test.dart:438:25: Error: Member not found: 'AuthState.initial'.
                AuthState.initial().copyWith(status: AuthStatus.initial),
                          ^^^^^^^
  test/features/auth/presentation/pages/register_page_test.dart:437:13: Error: Method not found: 'StateNotifier'.
              StateNotifier<AuthState>(
              ^^^^^^^^^^^^^
  test/features/auth/presentation/pages/register_page_test.dart:446:11: Error: No named parameter with the name 'parent'.
            parent: mockContainer,
            ^^^^^^
  ../../../AppData/Local/Pub/Cache/hosted/pub.dev/flutter_riverpod-3.1.0/lib/src/core/provider_scope.dart:75:9: Context: Found this candidate, but the arguments don't match.
    const ProviderScope({
          ^^^^^^^^^^^^^
  test/features/auth/presentation/pages/register_page_test.dart:465:25: Error: Member not found: 'AuthState.initial'.
                AuthState.initial().copyWith(status: AuthStatus.initial),
                          ^^^^^^^
  test/features/auth/presentation/pages/register_page_test.dart:464:13: Error: Method not found: 'StateNotifier'.
              StateNotifier<AuthState>(
              ^^^^^^^^^^^^^
  test/features/auth/presentation/pages/register_page_test.dart:473:11: Error: No named parameter with the name 'parent'.
            parent: mockContainer,
            ^^^^^^
  ../../../AppData/Local/Pub/Cache/hosted/pub.dev/flutter_riverpod-3.1.0/lib/src/core/provider_scope.dart:75:9: Context: Found this candidate, but the arguments don't match.
    const ProviderScope({
          ^^^^^^^^^^^^^
  test/features/auth/presentation/pages/register_page_test.dart:492:25: Error: Member not found: 'AuthState.initial'.
                AuthState.initial().copyWith(status: AuthStatus.initial),
                          ^^^^^^^
  test/features/auth/presentation/pages/register_page_test.dart:491:13: Error: Method not found: 'StateNotifier'.
              StateNotifier<AuthState>(
              ^^^^^^^^^^^^^
  test/features/auth/presentation/pages/register_page_test.dart:500:11: Error: No named parameter with the name 'parent'.
            parent: mockContainer,
            ^^^^^^
  ../../../AppData/Local/Pub/Cache/hosted/pub.dev/flutter_riverpod-3.1.0/lib/src/core/provider_scope.dart:75:9: Context: Found this candidate, but the arguments don't match.
    const ProviderScope({
          ^^^^^^^^^^^^^
  test/features/auth/presentation/pages/register_page_test.dart:523:25: Error: Member not found: 'AuthState.initial'.
                AuthState.initial().copyWith(status: AuthStatus.initial),
                          ^^^^^^^
  test/features/auth/presentation/pages/register_page_test.dart:522:13: Error: Method not found: 'StateNotifier'.
              StateNotifier<AuthState>(
              ^^^^^^^^^^^^^
  test/features/auth/presentation/pages/register_page_test.dart:531:11: Error: No named parameter with the name 'parent'.
            parent: mockContainer,
            ^^^^^^
  ../../../AppData/Local/Pub/Cache/hosted/pub.dev/flutter_riverpod-3.1.0/lib/src/core/provider_scope.dart:75:9: Context: Found this candidate, but the arguments don't match.
    const ProviderScope({
          ^^^^^^^^^^^^^
  test/features/auth/presentation/pages/register_page_test.dart:33:33: Error: The method 'overrideWithValue' isn't defined for the type 'NotifierProvider<AuthViewModel, AuthState>'.
   - 'NotifierProvider' is from 'package:riverpod/src/providers/notifier.dart' ('../../../AppData/Local/Pub/Cache/hosted/pub.dev/riverpod-3.1.0/lib/src/providers/notifier.dart').
   - 'AuthViewModel' is from 'package:nutrisphere_flutter/features/auth/presentation/view_model/auth_view_model.dart' ('lib/features/auth/presentation/view_model/auth_view_model.dart').
   - 'AuthState' is from 'package:nutrisphere_flutter/features/auth/presentation/state/auth_state.dart' ('lib/features/auth/presentation/state/auth_state.dart').
  Try correcting the name to the name of an existing method, or defining a method named 'overrideWithValue'.
            authViewModelProvider.overrideWithValue(
                                  ^^^^^^^^^^^^^^^^^
  test/features/auth/presentation/pages/register_page_test.dart:60:33: Error: The method 'overrideWithValue' isn't defined for the type 'NotifierProvider<AuthViewModel, AuthState>'.
   - 'NotifierProvider' is from 'package:riverpod/src/providers/notifier.dart' ('../../../AppData/Local/Pub/Cache/hosted/pub.dev/riverpod-3.1.0/lib/src/providers/notifier.dart').
   - 'AuthViewModel' is from 'package:nutrisphere_flutter/features/auth/presentation/view_model/auth_view_model.dart' ('lib/features/auth/presentation/view_model/auth_view_model.dart').
   - 'AuthState' is from 'package:nutrisphere_flutter/features/auth/presentation/state/auth_state.dart' ('lib/features/auth/presentation/state/auth_state.dart').
  Try correcting the name to the name of an existing method, or defining a method named 'overrideWithValue'.
            authViewModelProvider.overrideWithValue(
                                  ^^^^^^^^^^^^^^^^^
  test/features/auth/presentation/pages/register_page_test.dart:88:33: Error: The method 'overrideWithValue' isn't defined for the type 'NotifierProvider<AuthViewModel, AuthState>'.
   - 'NotifierProvider' is from 'package:riverpod/src/providers/notifier.dart' ('../../../AppData/Local/Pub/Cache/hosted/pub.dev/riverpod-3.1.0/lib/src/providers/notifier.dart').
   - 'AuthViewModel' is from 'package:nutrisphere_flutter/features/auth/presentation/view_model/auth_view_model.dart' ('lib/features/auth/presentation/view_model/auth_view_model.dart').
   - 'AuthState' is from 'package:nutrisphere_flutter/features/auth/presentation/state/auth_state.dart' ('lib/features/auth/presentation/state/auth_state.dart').
  Try correcting the name to the name of an existing method, or defining a method named 'overrideWithValue'.
            authViewModelProvider.overrideWithValue(
                                  ^^^^^^^^^^^^^^^^^
  test/features/auth/presentation/pages/register_page_test.dart:122:33: Error: The method 'overrideWithValue' isn't defined for the type 'NotifierProvider<AuthViewModel, AuthState>'.
   - 'NotifierProvider' is from 'package:riverpod/src/providers/notifier.dart' ('../../../AppData/Local/Pub/Cache/hosted/pub.dev/riverpod-3.1.0/lib/src/providers/notifier.dart').
   - 'AuthViewModel' is from 'package:nutrisphere_flutter/features/auth/presentation/view_model/auth_view_model.dart' ('lib/features/auth/presentation/view_model/auth_view_model.dart').
   - 'AuthState' is from 'package:nutrisphere_flutter/features/auth/presentation/state/auth_state.dart' ('lib/features/auth/presentation/state/auth_state.dart').
  Try correcting the name to the name of an existing method, or defining a method named 'overrideWithValue'.
            authViewModelProvider.overrideWithValue(
                                  ^^^^^^^^^^^^^^^^^
  test/features/auth/presentation/pages/register_page_test.dart:153:33: Error: The method 'overrideWithValue' isn't defined for the type 'NotifierProvider<AuthViewModel, AuthState>'.
   - 'NotifierProvider' is from 'package:riverpod/src/providers/notifier.dart' ('../../../AppData/Local/Pub/Cache/hosted/pub.dev/riverpod-3.1.0/lib/src/providers/notifier.dart').
   - 'AuthViewModel' is from 'package:nutrisphere_flutter/features/auth/presentation/view_model/auth_view_model.dart' ('lib/features/auth/presentation/view_model/auth_view_model.dart').
   - 'AuthState' is from 'package:nutrisphere_flutter/features/auth/presentation/state/auth_state.dart' ('lib/features/auth/presentation/state/auth_state.dart').
  Try correcting the name to the name of an existing method, or defining a method named 'overrideWithValue'.
            authViewModelProvider.overrideWithValue(
                                  ^^^^^^^^^^^^^^^^^
  test/features/auth/presentation/pages/register_page_test.dart:180:33: Error: The method 'overrideWithValue' isn't defined for the type 'NotifierProvider<AuthViewModel, AuthState>'.
   - 'NotifierProvider' is from 'package:riverpod/src/providers/notifier.dart' ('../../../AppData/Local/Pub/Cache/hosted/pub.dev/riverpod-3.1.0/lib/src/providers/notifier.dart').
   - 'AuthViewModel' is from 'package:nutrisphere_flutter/features/auth/presentation/view_model/auth_view_model.dart' ('lib/features/auth/presentation/view_model/auth_view_model.dart').
   - 'AuthState' is from 'package:nutrisphere_flutter/features/auth/presentation/state/auth_state.dart' ('lib/features/auth/presentation/state/auth_state.dart').
  Try correcting the name to the name of an existing method, or defining a method named 'overrideWithValue'.
            authViewModelProvider.overrideWithValue(
                                  ^^^^^^^^^^^^^^^^^
  test/features/auth/presentation/pages/register_page_test.dart:207:33: Error: The method 'overrideWithValue' isn't defined for the type 'NotifierProvider<AuthViewModel, AuthState>'.
   - 'NotifierProvider' is from 'package:riverpod/src/providers/notifier.dart' ('../../../AppData/Local/Pub/Cache/hosted/pub.dev/riverpod-3.1.0/lib/src/providers/notifier.dart').
   - 'AuthViewModel' is from 'package:nutrisphere_flutter/features/auth/presentation/view_model/auth_view_model.dart' ('lib/features/auth/presentation/view_model/auth_view_model.dart').
   - 'AuthState' is from 'package:nutrisphere_flutter/features/auth/presentation/state/auth_state.dart' ('lib/features/auth/presentation/state/auth_state.dart').
  Try correcting the name to the name of an existing method, or defining a method named 'overrideWithValue'.
            authViewModelProvider.overrideWithValue(
                                  ^^^^^^^^^^^^^^^^^
  test/features/auth/presentation/pages/register_page_test.dart:234:33: Error: The method 'overrideWithValue' isn't defined for the type 'NotifierProvider<AuthViewModel, AuthState>'.
   - 'NotifierProvider' is from 'package:riverpod/src/providers/notifier.dart' ('../../../AppData/Local/Pub/Cache/hosted/pub.dev/riverpod-3.1.0/lib/src/providers/notifier.dart').
   - 'AuthViewModel' is from 'package:nutrisphere_flutter/features/auth/presentation/view_model/auth_view_model.dart' ('lib/features/auth/presentation/view_model/auth_view_model.dart').
   - 'AuthState' is from 'package:nutrisphere_flutter/features/auth/presentation/state/auth_state.dart' ('lib/features/auth/presentation/state/auth_state.dart').
  Try correcting the name to the name of an existing method, or defining a method named 'overrideWithValue'.
            authViewModelProvider.overrideWithValue(
                                  ^^^^^^^^^^^^^^^^^
  test/features/auth/presentation/pages/register_page_test.dart:266:33: Error: The method 'overrideWithValue' isn't defined for the type 'NotifierProvider<AuthViewModel, AuthState>'.
   - 'NotifierProvider' is from 'package:riverpod/src/providers/notifier.dart' ('../../../AppData/Local/Pub/Cache/hosted/pub.dev/riverpod-3.1.0/lib/src/providers/notifier.dart').
   - 'AuthViewModel' is from 'package:nutrisphere_flutter/features/auth/presentation/view_model/auth_view_model.dart' ('lib/features/auth/presentation/view_model/auth_view_model.dart').
   - 'AuthState' is from 'package:nutrisphere_flutter/features/auth/presentation/state/auth_state.dart' ('lib/features/auth/presentation/state/auth_state.dart').
  Try correcting the name to the name of an existing method, or defining a method named 'overrideWithValue'.
            authViewModelProvider.overrideWithValue(
                                  ^^^^^^^^^^^^^^^^^
  test/features/auth/presentation/pages/register_page_test.dart:293:33: Error: The method 'overrideWithValue' isn't defined for the type 'NotifierProvider<AuthViewModel, AuthState>'.
   - 'NotifierProvider' is from 'package:riverpod/src/providers/notifier.dart' ('../../../AppData/Local/Pub/Cache/hosted/pub.dev/riverpod-3.1.0/lib/src/providers/notifier.dart').
   - 'AuthViewModel' is from 'package:nutrisphere_flutter/features/auth/presentation/view_model/auth_view_model.dart' ('lib/features/auth/presentation/view_model/auth_view_model.dart').
   - 'AuthState' is from 'package:nutrisphere_flutter/features/auth/presentation/state/auth_state.dart' ('lib/features/auth/presentation/state/auth_state.dart').
  Try correcting the name to the name of an existing method, or defining a method named 'overrideWithValue'.
            authViewModelProvider.overrideWithValue(
                                  ^^^^^^^^^^^^^^^^^
  test/features/auth/presentation/pages/register_page_test.dart:320:33: Error: The method 'overrideWithValue' isn't defined for the type 'NotifierProvider<AuthViewModel, AuthState>'.
   - 'NotifierProvider' is from 'package:riverpod/src/providers/notifier.dart' ('../../../AppData/Local/Pub/Cache/hosted/pub.dev/riverpod-3.1.0/lib/src/providers/notifier.dart').
   - 'AuthViewModel' is from 'package:nutrisphere_flutter/features/auth/presentation/view_model/auth_view_model.dart' ('lib/features/auth/presentation/view_model/auth_view_model.dart').
   - 'AuthState' is from 'package:nutrisphere_flutter/features/auth/presentation/state/auth_state.dart' ('lib/features/auth/presentation/state/auth_state.dart').
  Try correcting the name to the name of an existing method, or defining a method named 'overrideWithValue'.
            authViewModelProvider.overrideWithValue(
                                  ^^^^^^^^^^^^^^^^^
  test/features/auth/presentation/pages/register_page_test.dart:347:33: Error: The method 'overrideWithValue' isn't defined for the type 'NotifierProvider<AuthViewModel, AuthState>'.
   - 'NotifierProvider' is from 'package:riverpod/src/providers/notifier.dart' ('../../../AppData/Local/Pub/Cache/hosted/pub.dev/riverpod-3.1.0/lib/src/providers/notifier.dart').
   - 'AuthViewModel' is from 'package:nutrisphere_flutter/features/auth/presentation/view_model/auth_view_model.dart' ('lib/features/auth/presentation/view_model/auth_view_model.dart').
   - 'AuthState' is from 'package:nutrisphere_flutter/features/auth/presentation/state/auth_state.dart' ('lib/features/auth/presentation/state/auth_state.dart').
  Try correcting the name to the name of an existing method, or defining a method named 'overrideWithValue'.
            authViewModelProvider.overrideWithValue(
                                  ^^^^^^^^^^^^^^^^^
  test/features/auth/presentation/pages/register_page_test.dart:374:33: Error: The method 'overrideWithValue' isn't defined for the type 'NotifierProvider<AuthViewModel, AuthState>'.
   - 'NotifierProvider' is from 'package:riverpod/src/providers/notifier.dart' ('../../../AppData/Local/Pub/Cache/hosted/pub.dev/riverpod-3.1.0/lib/src/providers/notifier.dart').
   - 'AuthViewModel' is from 'package:nutrisphere_flutter/features/auth/presentation/view_model/auth_view_model.dart' ('lib/features/auth/presentation/view_model/auth_view_model.dart').
   - 'AuthState' is from 'package:nutrisphere_flutter/features/auth/presentation/state/auth_state.dart' ('lib/features/auth/presentation/state/auth_state.dart').
  Try correcting the name to the name of an existing method, or defining a method named 'overrideWithValue'.
            authViewModelProvider.overrideWithValue(
                                  ^^^^^^^^^^^^^^^^^
  test/features/auth/presentation/pages/register_page_test.dart:408:33: Error: The method 'overrideWithValue' isn't defined for the type 'NotifierProvider<AuthViewModel, AuthState>'.
   - 'NotifierProvider' is from 'package:riverpod/src/providers/notifier.dart' ('../../../AppData/Local/Pub/Cache/hosted/pub.dev/riverpod-3.1.0/lib/src/providers/notifier.dart').
   - 'AuthViewModel' is from 'package:nutrisphere_flutter/features/auth/presentation/view_model/auth_view_model.dart' ('lib/features/auth/presentation/view_model/auth_view_model.dart').
   - 'AuthState' is from 'package:nutrisphere_flutter/features/auth/presentation/state/auth_state.dart' ('lib/features/auth/presentation/state/auth_state.dart').
  Try correcting the name to the name of an existing method, or defining a method named 'overrideWithValue'.
            authViewModelProvider.overrideWithValue(
                                  ^^^^^^^^^^^^^^^^^
  test/features/auth/presentation/pages/register_page_test.dart:436:33: Error: The method 'overrideWithValue' isn't defined for the type 'NotifierProvider<AuthViewModel, AuthState>'.
   - 'NotifierProvider' is from 'package:riverpod/src/providers/notifier.dart' ('../../../AppData/Local/Pub/Cache/hosted/pub.dev/riverpod-3.1.0/lib/src/providers/notifier.dart').
   - 'AuthViewModel' is from 'package:nutrisphere_flutter/features/auth/presentation/view_model/auth_view_model.dart' ('lib/features/auth/presentation/view_model/auth_view_model.dart').
   - 'AuthState' is from 'package:nutrisphere_flutter/features/auth/presentation/state/auth_state.dart' ('lib/features/auth/presentation/state/auth_state.dart').
  Try correcting the name to the name of an existing method, or defining a method named 'overrideWithValue'.
            authViewModelProvider.overrideWithValue(
                                  ^^^^^^^^^^^^^^^^^
  test/features/auth/presentation/pages/register_page_test.dart:463:33: Error: The method 'overrideWithValue' isn't defined for the type 'NotifierProvider<AuthViewModel, AuthState>'.
   - 'NotifierProvider' is from 'package:riverpod/src/providers/notifier.dart' ('../../../AppData/Local/Pub/Cache/hosted/pub.dev/riverpod-3.1.0/lib/src/providers/notifier.dart').
   - 'AuthViewModel' is from 'package:nutrisphere_flutter/features/auth/presentation/view_model/auth_view_model.dart' ('lib/features/auth/presentation/view_model/auth_view_model.dart').
   - 'AuthState' is from 'package:nutrisphere_flutter/features/auth/presentation/state/auth_state.dart' ('lib/features/auth/presentation/state/auth_state.dart').
  Try correcting the name to the name of an existing method, or defining a method named 'overrideWithValue'.
            authViewModelProvider.overrideWithValue(
                                  ^^^^^^^^^^^^^^^^^
  test/features/auth/presentation/pages/register_page_test.dart:490:33: Error: The method 'overrideWithValue' isn't defined for the type 'NotifierProvider<AuthViewModel, AuthState>'.
   - 'NotifierProvider' is from 'package:riverpod/src/providers/notifier.dart' ('../../../AppData/Local/Pub/Cache/hosted/pub.dev/riverpod-3.1.0/lib/src/providers/notifier.dart').
   - 'AuthViewModel' is from 'package:nutrisphere_flutter/features/auth/presentation/view_model/auth_view_model.dart' ('lib/features/auth/presentation/view_model/auth_view_model.dart').
   - 'AuthState' is from 'package:nutrisphere_flutter/features/auth/presentation/state/auth_state.dart' ('lib/features/auth/presentation/state/auth_state.dart').
  Try correcting the name to the name of an existing method, or defining a method named 'overrideWithValue'.
            authViewModelProvider.overrideWithValue(
                                  ^^^^^^^^^^^^^^^^^
  test/features/auth/presentation/pages/register_page_test.dart:521:33: Error: The method 'overrideWithValue' isn't defined for the type 'NotifierProvider<AuthViewModel, AuthState>'.
   - 'NotifierProvider' is from 'package:riverpod/src/providers/notifier.dart' ('../../../AppData/Local/Pub/Cache/hosted/pub.dev/riverpod-3.1.0/lib/src/providers/notifier.dart').
   - 'AuthViewModel' is from 'package:nutrisphere_flutter/features/auth/presentation/view_model/auth_view_model.dart' ('lib/features/auth/presentation/view_model/auth_view_model.dart').
   - 'AuthState' is from 'package:nutrisphere_flutter/features/auth/presentation/state/auth_state.dart' ('lib/features/auth/presentation/state/auth_state.dart').
  Try correcting the name to the name of an existing method, or defining a method named 'overrideWithValue'.
            authViewModelProvider.overrideWithValue(
                                  ^^^^^^^^^^^^^^^^^
  .
00:00 +0 -1: Some tests failed.
